<html>
<body>
<pre>
<h1>µVision Build Log</h1>
<h2>Tool Versions:</h2>
IDE-Version: ¦ÌVision V5.28.0.0
Copyright (C) 2019 ARM Ltd and ARM Germany GmbH. All rights reserved.
License Information: d Freude, JL, LIC=KRMW3-AIFWG-BSJYX-HWSI7-RY7SH-QKV8E
 
Tool Versions:
Toolchain:       MDK-ARM Plus  Version: 5.28.0.0
Toolchain Path:  D:\ARM\ARMCC\Bin
C Compiler:      Armcc.exe V5.06 update 6 (build 750)
Assembler:       Armasm.exe V5.06 update 6 (build 750)
Linker/Locator:  ArmLink.exe V5.06 update 6 (build 750)
Library Manager: ArmAr.exe V5.06 update 6 (build 750)
Hex Converter:   FromElf.exe V5.06 update 6 (build 750)
CPU DLL:         SARMCM3.DLL V5.28.0.0
Dialog DLL:      DCM.DLL V1.17.3.0
Target DLL:      STLink\ST-LINKIII-KEIL_SWO.dll V3.0.6.0
Dialog DLL:      TCM.DLL V1.36.2.0
 
<h2>Project:</h2>
D:\dymqwer\RoboMaster\folder\UART_basic\UART_basic\MDK-ARM\UARThome.uvprojx
Project File Date:  12/13/2020

<h2>Output:</h2>
*** Using Compiler 'V5.06 update 6 (build 750)', folder: 'D:\ARM\ARMCC\Bin'
Build target 'UARThome'
compiling main.c...
../Src/main.c(92): warning:  #188-D: enumerated type mixed with another type
  			case '1':HAL_GPIO_WritePin(GPIOG,GPIO_PIN_1,0);
../Src/main.c(93): warning:  #188-D: enumerated type mixed with another type
  				       HAL_GPIO_WritePin(GPIOG,GPIO_PIN_2,1);
../Src/main.c(94): warning:  #188-D: enumerated type mixed with another type
  			         HAL_GPIO_WritePin(GPIOG,GPIO_PIN_3,1);
../Src/main.c(95): warning:  #188-D: enumerated type mixed with another type
  			         HAL_GPIO_WritePin(GPIOG,GPIO_PIN_4,1);
../Src/main.c(96): warning:  #188-D: enumerated type mixed with another type
  			         HAL_GPIO_WritePin(GPIOG,GPIO_PIN_5,1);
../Src/main.c(97): warning:  #188-D: enumerated type mixed with another type
  			         HAL_GPIO_WritePin(GPIOG,GPIO_PIN_6,1);
../Src/main.c(98): warning:  #188-D: enumerated type mixed with another type
  			         HAL_GPIO_WritePin(GPIOG,GPIO_PIN_7,1);
../Src/main.c(99): warning:  #188-D: enumerated type mixed with another type
  			         HAL_GPIO_WritePin(GPIOG,GPIO_PIN_8,1);
../Src/main.c(101): warning:  #188-D: enumerated type mixed with another type
  			case '2':HAL_GPIO_WritePin(GPIOG,GPIO_PIN_1,1);
../Src/main.c(102): warning:  #188-D: enumerated type mixed with another type
  				       HAL_GPIO_WritePin(GPIOG,GPIO_PIN_2,0);
../Src/main.c(103): warning:  #188-D: enumerated type mixed with another type
  			         HAL_GPIO_WritePin(GPIOG,GPIO_PIN_3,1);
../Src/main.c(104): warning:  #188-D: enumerated type mixed with another type
  			         HAL_GPIO_WritePin(GPIOG,GPIO_PIN_4,1);
../Src/main.c(105): warning:  #188-D: enumerated type mixed with another type
  			         HAL_GPIO_WritePin(GPIOG,GPIO_PIN_5,1);
../Src/main.c(106): warning:  #188-D: enumerated type mixed with another type
  			         HAL_GPIO_WritePin(GPIOG,GPIO_PIN_6,1);
../Src/main.c(107): warning:  #188-D: enumerated type mixed with another type
  			         HAL_GPIO_WritePin(GPIOG,GPIO_PIN_7,1);
../Src/main.c(108): warning:  #188-D: enumerated type mixed with another type
  			         HAL_GPIO_WritePin(GPIOG,GPIO_PIN_8,1);
../Src/main.c(110): warning:  #188-D: enumerated type mixed with another type
  			case '3':HAL_GPIO_WritePin(GPIOG,GPIO_PIN_1,1);
../Src/main.c(111): warning:  #188-D: enumerated type mixed with another type
  				       HAL_GPIO_WritePin(GPIOG,GPIO_PIN_2,1);
../Src/main.c(112): warning:  #188-D: enumerated type mixed with another type
  			         HAL_GPIO_WritePin(GPIOG,GPIO_PIN_3,0);
../Src/main.c(113): warning:  #188-D: enumerated type mixed with another type
  			         HAL_GPIO_WritePin(GPIOG,GPIO_PIN_4,1);
../Src/main.c(114): warning:  #188-D: enumerated type mixed with another type
  			         HAL_GPIO_WritePin(GPIOG,GPIO_PIN_5,1);
../Src/main.c(115): warning:  #188-D: enumerated type mixed with another type
  			         HAL_GPIO_WritePin(GPIOG,GPIO_PIN_6,1);
../Src/main.c(116): warning:  #188-D: enumerated type mixed with another type
  			         HAL_GPIO_WritePin(GPIOG,GPIO_PIN_7,1);
../Src/main.c(117): warning:  #188-D: enumerated type mixed with another type
  			         HAL_GPIO_WritePin(GPIOG,GPIO_PIN_8,1);
../Src/main.c(119): warning:  #188-D: enumerated type mixed with another type
  			case '4':HAL_GPIO_WritePin(GPIOG,GPIO_PIN_1,1);
../Src/main.c(120): warning:  #188-D: enumerated type mixed with another type
  				       HAL_GPIO_WritePin(GPIOG,GPIO_PIN_2,1);
../Src/main.c(121): warning:  #188-D: enumerated type mixed with another type
  			         HAL_GPIO_WritePin(GPIOG,GPIO_PIN_3,1);
../Src/main.c(122): warning:  #188-D: enumerated type mixed with another type
  			         HAL_GPIO_WritePin(GPIOG,GPIO_PIN_4,0);
../Src/main.c(123): warning:  #188-D: enumerated type mixed with another type
  			         HAL_GPIO_WritePin(GPIOG,GPIO_PIN_5,1);
../Src/main.c(124): warning:  #188-D: enumerated type mixed with another type
  			         HAL_GPIO_WritePin(GPIOG,GPIO_PIN_6,1);
../Src/main.c(125): warning:  #188-D: enumerated type mixed with another type
  			         HAL_GPIO_WritePin(GPIOG,GPIO_PIN_7,1);
../Src/main.c(126): warning:  #188-D: enumerated type mixed with another type
  			         HAL_GPIO_WritePin(GPIOG,GPIO_PIN_8,1);
../Src/main.c(128): warning:  #188-D: enumerated type mixed with another type
  			case '5':HAL_GPIO_WritePin(GPIOG,GPIO_PIN_1,1);
../Src/main.c(129): warning:  #188-D: enumerated type mixed with another type
  				       HAL_GPIO_WritePin(GPIOG,GPIO_PIN_2,1);
../Src/main.c(130): warning:  #188-D: enumerated type mixed with another type
  			         HAL_GPIO_WritePin(GPIOG,GPIO_PIN_3,1);
../Src/main.c(131): warning:  #188-D: enumerated type mixed with another type
  			         HAL_GPIO_WritePin(GPIOG,GPIO_PIN_4,1);
../Src/main.c(132): warning:  #188-D: enumerated type mixed with another type
  			         HAL_GPIO_WritePin(GPIOG,GPIO_PIN_5,0);
../Src/main.c(133): warning:  #188-D: enumerated type mixed with another type
  			         HAL_GPIO_WritePin(GPIOG,GPIO_PIN_6,1);
../Src/main.c(134): warning:  #188-D: enumerated type mixed with another type
  			         HAL_GPIO_WritePin(GPIOG,GPIO_PIN_7,1);
../Src/main.c(135): warning:  #188-D: enumerated type mixed with another type
  			         HAL_GPIO_WritePin(GPIOG,GPIO_PIN_8,1);
../Src/main.c(137): warning:  #188-D: enumerated type mixed with another type
  			case '6':HAL_GPIO_WritePin(GPIOG,GPIO_PIN_1,1);
../Src/main.c(138): warning:  #188-D: enumerated type mixed with another type
  				       HAL_GPIO_WritePin(GPIOG,GPIO_PIN_2,1);
../Src/main.c(139): warning:  #188-D: enumerated type mixed with another type
  			         HAL_GPIO_WritePin(GPIOG,GPIO_PIN_3,1);
../Src/main.c(140): warning:  #188-D: enumerated type mixed with another type
  			         HAL_GPIO_WritePin(GPIOG,GPIO_PIN_4,1);
../Src/main.c(141): warning:  #188-D: enumerated type mixed with another type
  			         HAL_GPIO_WritePin(GPIOG,GPIO_PIN_5,1);
../Src/main.c(142): warning:  #188-D: enumerated type mixed with another type
  			         HAL_GPIO_WritePin(GPIOG,GPIO_PIN_6,0);
../Src/main.c(143): warning:  #188-D: enumerated type mixed with another type
  			         HAL_GPIO_WritePin(GPIOG,GPIO_PIN_7,1);
../Src/main.c(144): warning:  #188-D: enumerated type mixed with another type
  			         HAL_GPIO_WritePin(GPIOG,GPIO_PIN_8,1);
../Src/main.c(146): warning:  #188-D: enumerated type mixed with another type
  			case '7':HAL_GPIO_WritePin(GPIOG,GPIO_PIN_1,1);
../Src/main.c(147): warning:  #188-D: enumerated type mixed with another type
  				       HAL_GPIO_WritePin(GPIOG,GPIO_PIN_2,1);
../Src/main.c(148): warning:  #188-D: enumerated type mixed with another type
  			         HAL_GPIO_WritePin(GPIOG,GPIO_PIN_3,1);
../Src/main.c(149): warning:  #188-D: enumerated type mixed with another type
  			         HAL_GPIO_WritePin(GPIOG,GPIO_PIN_4,1);
../Src/main.c(150): warning:  #188-D: enumerated type mixed with another type
  			         HAL_GPIO_WritePin(GPIOG,GPIO_PIN_5,1);
../Src/main.c(151): warning:  #188-D: enumerated type mixed with another type
  			         HAL_GPIO_WritePin(GPIOG,GPIO_PIN_6,1);
../Src/main.c(152): warning:  #188-D: enumerated type mixed with another type
  			         HAL_GPIO_WritePin(GPIOG,GPIO_PIN_7,0);
../Src/main.c(153): warning:  #188-D: enumerated type mixed with another type
  			         HAL_GPIO_WritePin(GPIOG,GPIO_PIN_8,1);
../Src/main.c(155): warning:  #188-D: enumerated type mixed with another type
  			case '8':HAL_GPIO_WritePin(GPIOG,GPIO_PIN_1,1);
../Src/main.c(156): warning:  #188-D: enumerated type mixed with another type
  				       HAL_GPIO_WritePin(GPIOG,GPIO_PIN_2,1);
../Src/main.c(157): warning:  #188-D: enumerated type mixed with another type
  			         HAL_GPIO_WritePin(GPIOG,GPIO_PIN_3,1);
../Src/main.c(158): warning:  #188-D: enumerated type mixed with another type
  			         HAL_GPIO_WritePin(GPIOG,GPIO_PIN_4,1);
../Src/main.c(159): warning:  #188-D: enumerated type mixed with another type
  			         HAL_GPIO_WritePin(GPIOG,GPIO_PIN_5,1);
../Src/main.c(160): warning:  #188-D: enumerated type mixed with another type
  			         HAL_GPIO_WritePin(GPIOG,GPIO_PIN_6,1);
../Src/main.c(161): warning:  #188-D: enumerated type mixed with another type
  			         HAL_GPIO_WritePin(GPIOG,GPIO_PIN_7,1);
../Src/main.c(162): warning:  #188-D: enumerated type mixed with another type
  			         HAL_GPIO_WritePin(GPIOG,GPIO_PIN_8,0);
../Src/main.c: 64 warnings, 0 errors
linking...
Program Size: Code=6196 RO-data=484 RW-data=20 ZI-data=1156  
FromELF: creating hex file...
"UARThome\UARThome.axf" - 0 Error(s), 64 Warning(s).

<h2>Software Packages used:</h2>

Package Vendor: ARM
                http://www.keil.com/pack/ARM.CMSIS.5.5.1.pack
                ARM.CMSIS.5.5.1
                CMSIS (Cortex Microcontroller Software Interface Standard)
   * Component: CORE Version: 5.2.0

Package Vendor: Keil
                http://www.keil.com/pack/Keil.STM32F4xx_DFP.2.13.0.pack
                Keil.STM32F4xx_DFP.2.13.0
                STMicroelectronics STM32F4 Series Device Support, Drivers and Examples

<h2>Collection of Component include folders:</h2>
  .\RTE\_UARThome
  D:\ARM\CMSIS\5.5.1\CMSIS\Core\Include
  D:\Keil\STM32F4xx_DFP\2.13.0\Drivers\CMSIS\Device\ST\STM32F4xx\Include

<h2>Collection of Component Files used:</h2>

   * Component: ARM::CMSIS:CORE:5.2.0
Build Time Elapsed:  00:00:02
</pre>
</body>
</html>
